/*
=============================================================================
NFSA Summary for input file <StepP21Lex.LEX>
=============================================================================
Total NFSA states = 1704
Number of Start Conditions = 2
Start condition INITIAL:
  number of patterns = 38, number of nfsa states = 214, accept states = 38
Start condition COMMENT:
  number of patterns = 1, number of nfsa states = 4, accept states = 1
=============================================================================
GPLEX: NFSA built.    6 msec
=============================================================================
GPLEX: DFSA built.   16 msec
=============================================================================
GPLEX: DFSA minimized.    8 msec
=============================================================================
GPLEX: Shortest strings found.    2 msec
=============================================================================
DFSA Summary
=============================================================================
Number of dfsa instances = 2
Start condition INITIAL:
  number of dfsa states = 129, number of accept states = 97
Start condition COMMENT:
  number of dfsa states = 3, number of accept states = 1
=============================================================================
GPLEX: C# file emitted.   17 msec
=============================================================================
GPLEX Summary
=============================================================================
Total number of states = 110, total accept states = 83, backup states = 14
Original state number was 133, minimized machine has 110 states
Nextstate table compression was 85.07%, 4,204 entries Vs 28,160

Backup state report --- 
In <0>, after "\"" automaton could accept "[^)]" in state 8
--- after ''0'' automaton is in a non-accept state and might need to backup

In <0>, after "&" automaton could accept "[^)]" in state 11
--- after ''S'' automaton is in a non-accept state and might need to backup

In <0>, after "'" automaton could accept "[^)]" in state 12
--- after ''\x01'' automaton is in a non-accept state and might need to backup

In <0>, after "." automaton could accept "[^)]" in state 18
--- after ''A'' automaton is in a non-accept state and might need to backup

In <0>, after "ISO" automaton could accept "[a-zA-Z0-9_]+" in state 34
--- after ''-'' automaton is in a non-accept state and might need to backup

In <0>, after "END" automaton could accept "[a-zA-Z0-9_]+" in state 43
--- after ''-'' automaton is in a non-accept state and might need to backup

In <0>, after "+." automaton could accept "[\-\+\.0-9][\.0-9]+((#INF)|(#IND))?" in state 62
--- after ''#'' automaton is in a non-accept state and might need to backup

In <0>, after "00" automaton could accept "[\-\+0-9][0-9]*" in state 63
--- after ''#'' automaton is in a non-accept state and might need to backup

In <0>, after ".0" automaton could accept "[\-\+\.0-9][\.0-9]+((#INF)|(#IND))?" in state 69
--- after ''#'' automaton is in a non-accept state and might need to backup

In <0>, after ".0E0" automaton could accept "[\-\+\.0-9][\.0-9]+E[\-\+0-9][0-9]*" in state 73
--- after ''A'' automaton is in a non-accept state and might need to backup

In <0>, after "+0" automaton could accept "[\-\+0-9][0-9]*" in state 74
--- after ''#'' automaton is in a non-accept state and might need to backup

In <0>, after "''" automaton could accept "[\']([\001-\046\050-\377]|(\'\')|(\\S\\.))*[\']" in state 75
--- after ''''' automaton is in a non-accept state and might need to backup

In <0>, after "'\\S\\'" automaton could accept "[\']([\001-\046\050-\377]|(\'\')|(\\S\\.))*[\']" in state 76
--- after ''\x01'' automaton is in a non-accept state and might need to backup

In <0>, after "#0" automaton could accept "#[0-9]+" in state 78
--- after ''\t'' automaton is in a non-accept state and might need to backup

=============================================================================
 */
